// Jest Snapshot v1, https://goo.gl/fbAQLP

exports[`<Product/> snapshot 1`] = `
<div
  className="main"
>
  <div
    className="ui container"
  >
    <h1>
      title
    </h1>
    <h1>
      Product
    </h1>
    <h1>
      Product
    </h1>
    <h1>
      Product
    </h1>
    <h1>
      Product
    </h1>
    <h1>
      Product
    </h1>
    <h1>
      Product
    </h1>
    <h1>
      Product
    </h1>
    <h1>
      Product
    </h1>
    <h1>
      Product
    </h1>
    <h1>
      Product
    </h1>
    <h1>
      Product
    </h1>
    <h1>
      Product
    </h1>
    <h1>
      Product
    </h1>
    <h1>
      Product
    </h1>
    <h1>
      Product
    </h1>
    <h1>
      Product
    </h1>
    <h1>
      Product
    </h1>
    <h1>
      Product
    </h1>
    <h1>
      Product
    </h1>
    <h1>
      Product
    </h1>
    <h1>
      Product
    </h1>
    <h1>
      Product
    </h1>
    <h1>
      Product
    </h1>
    <h1>
      Product
    </h1>
    <h1>
      Product
    </h1>
    <h1>
      Product
    </h1>
    <h1>
      Product
    </h1>
    <h1>
      Product
    </h1>
    <h1>
      Product
    </h1>
    <h1>
      Product
    </h1>
    <h1>
      Product
    </h1>
    <h1>
      Product
    </h1>
    <h1>
      Product
    </h1>
    <h1>
      Product
    </h1>
    <h1>
      Product
    </h1>
    <h1>
      Product
    </h1>
    <h1>
      Product
    </h1>
    <h1>
      Product
    </h1>
    <h1>
      Product
    </h1>
    <h1>
      Product
    </h1>
    <h1>
      Product
    </h1>
    <h1>
      Product
    </h1>
    <h1>
      Product
    </h1>
    <h1>
      Product
    </h1>
    <h1>
      Product
    </h1>
    <h1>
      Product
    </h1>
    <h1>
      Product
    </h1>
    <h1>
      Product
    </h1>
    <h1>
      Product
    </h1>
    <h1>
      Product
    </h1>
    <h1>
      Product
    </h1>
    <h1>
      Product
    </h1>
    <h1>
      Product
    </h1>
    <h1>
      Product
    </h1>
    <h1>
      Product
    </h1>
    <h1>
      Product
    </h1>
    <h1>
      Product
    </h1>
    <h1>
      Product
    </h1>
    <h1>
      Product
    </h1>
    <h1>
      Product
    </h1>
    <h1>
      Product
    </h1>
    <h1>
      Product
    </h1>
    <h1>
      Product
    </h1>
    <h1>
      Product
    </h1>
    <h1>
      Product
    </h1>
    <h1>
      Product
    </h1>
    <h1>
      Product
    </h1>
    <h1>
      Product
    </h1>
    <h1>
      Product
    </h1>
    <h1>
      Product
    </h1>
    <h1>
      Product
    </h1>
  </div>
</div>
`;
