// Jest Snapshot v1, https://goo.gl/fbAQLP

exports[`<App/> snapshot 1`] = `
<div
  className="main"
>
  <div
    className="main"
  />
  <header
    className="main"
  >
    <div
      className="ui container container"
    >
      <div
        className="logo"
      >
        <div
          className="main"
        >
          <a
            href="/"
            onClick={[Function]}
          >
            <img
              alt="brand logo"
              src="logo.svg"
            />
          </a>
        </div>
      </div>
      <div
        className="main"
      >
        <nav
          className="main"
        >
          <div
            className="otherNavsGroup"
          >
            <div
              className="navBox"
            >
              <a
                aria-current={null}
                href="/about/product"
                onClick={[Function]}
              >
                <span>
                  navs.public.product
                </span>
              </a>
            </div>
            <div
              className="navBox"
            >
              <a
                aria-current={null}
                href="/blog"
                onClick={[Function]}
              >
                <span>
                  navs.public.blog
                </span>
              </a>
            </div>
            <div
              className="navBox"
            >
              <a
                aria-current={null}
                href="/documentation"
                onClick={[Function]}
              >
                <span>
                  navs.public.docs
                </span>
              </a>
            </div>
            <div
              className="navBox"
            >
              <a
                aria-current={null}
                href="/support"
                onClick={[Function]}
              >
                <span>
                  navs.public.support
                </span>
              </a>
            </div>
          </div>
          <div
            className="defaultNavsGroup"
          >
            <div
              className="navBox"
            >
              <a
                aria-current={null}
                href="/login"
                onClick={[Function]}
              >
                <span>
                  navs.public.login
                </span>
              </a>
            </div>
            <div
              className="navBox"
            >
              /
            </div>
            <div
              className="navBox"
            >
              <a
                aria-current={null}
                href="/register"
                onClick={[Function]}
              >
                <span>
                  navs.public.register
                </span>
              </a>
            </div>
          </div>
        </nav>
      </div>
    </div>
  </header>
  <main
    className="main"
  >
    <div
      className="routeContainer"
    >
      <div
        className="main"
      >
        <div
          className="main"
        >
          <section
            className="main"
          >
            <div
              className="ui container container"
            >
              <div
                className="canvas"
              >
                <div
                  className="leftPane"
                >
                  <h1>
                    <em>
                      hero.heading
                    </em>
                  </h1>
                  <div
                    className="fluff"
                  >
                    <br />
                    <p>
                      Alpha bravo charlie delta echo foxtrot golf
                    </p>
                    <br />
                    <p>
                      Hotel india juliet kilo lima mike november oscar papa
                    </p>
                    <br />
                    <p>
                      Quebec romeo sierra tango unicorn victor whiskey x-ray yankee zulu
                    </p>
                  </div>
                </div>
                <div
                  className="rightPane"
                >
                  <img
                    src="astro.svg"
                  />
                </div>
              </div>
            </div>
          </section>
          <section
            className="main"
          >
            <div
              className="ui container container"
            >
              <div
                className="brandCarousel"
              >
                <div
                  className="brandItem"
                >
                  <p>
                    Smashing
                  </p>
                </div>
                <div
                  className="brandItem"
                >
                  <p>
                    Pumpkins
                  </p>
                </div>
                <div
                  className="brandItem"
                >
                  <p>
                    Radiohead
                  </p>
                </div>
                <div
                  className="brandItem"
                >
                  <p>
                    Chilli
                  </p>
                </div>
                <div
                  className="brandItem"
                >
                  <p>
                    Peppers
                  </p>
                </div>
              </div>
            </div>
          </section>
        </div>
      </div>
    </div>
  </main>
  <footer
    className="main"
  >
    <div
      className="ui container container"
    >
      <div
        className="main"
      >
        <div
          className="container"
        >
          
        </div>
      </div>
      <div
        className="main"
      >
        <div
          className="container"
        />
      </div>
      <div
        className="footerEnd"
      >
        <div
          className="main"
        >
          <div
            className="container"
          >
            copyright
          </div>
        </div>
        <div
          className="main"
        >
          <div
            aria-expanded={false}
            className="ui fluid selection dropdown"
            onBlur={[Function]}
            onChange={[Function]}
            onClick={[Function]}
            onFocus={[Function]}
            onMouseDown={[Function]}
            role="listbox"
            tabIndex={0}
          >
            <div
              aria-atomic={true}
              aria-live="polite"
              className="text"
              role="alert"
            />
            <i
              aria-hidden="true"
              className="dropdown icon"
              onClick={[Function]}
            />
            <div
              className="menu transition"
            >
              <div
                aria-checked={false}
                aria-selected={true}
                className="selected item"
                onClick={[Function]}
                role="option"
                style={
                  Object {
                    "pointerEvents": "all",
                  }
                }
              >
                <span
                  className="text"
                >
                  languages.en
                </span>
              </div>
            </div>
          </div>
        </div>
      </div>
    </div>
  </footer>
</div>
`;
