// Jest Snapshot v1, https://goo.gl/fbAQLP

exports[`<UserDropdown/> snapshot 1`] = `
<div
  aria-expanded={false}
  className="ui dropdown"
  onBlur={[Function]}
  onChange={[Function]}
  onClick={[Function]}
  onFocus={[Function]}
  onMouseDown={[Function]}
  role="listbox"
  tabIndex={0}
>
  <div
    aria-live="polite"
    className="text"
    role="alert"
  />
  <i
    aria-hidden="true"
    className="user circle icon"
    onClick={[Function]}
  />
  <div
    className="menu transition"
  >
    <div
      className="header"
    >
      User
    </div>
    <div
      className="divider"
    />
    <div
      className="item"
      onClick={[Function]}
      role="option"
    >
      Profile
    </div>
    <div
      className="item"
      onClick={[Function]}
      role="option"
    >
      <a
        aria-current={null}
        href="/dashboard"
        onClick={[Function]}
      >
        Dashboard
      </a>
    </div>
    <div
      className="divider"
    />
    <div
      className="item"
      onClick={[Function]}
      role="option"
    >
      Settings
    </div>
    <div
      className="item"
      onClick={[Function]}
      role="option"
    >
      Logout
    </div>
  </div>
</div>
`;
