// Jest Snapshot v1, https://goo.gl/fbAQLP

exports[`<UserDropdown/> snapshot 1`] = `
<div
  aria-expanded={false}
  className="ui top pointing dropdown"
  onBlur={[Function]}
  onChange={[Function]}
  onClick={[Function]}
  onFocus={[Function]}
  onMouseDown={[Function]}
  role="listbox"
  tabIndex={0}
>
  <i
    aria-hidden="true"
    className="spinner bordered circular loading icon"
    onClick={[Function]}
  />
  <div
    className="left menu transition left"
  >
    <div
      className="header dropdownHeader"
      onClick={[Function]}
    >
      <div
        className="ui placeholder"
      >
        <div
          className="header"
        >
          <div
            className="line full"
          />
        </div>
      </div>
    </div>
    <div
      className="divider"
    />
    <div
      className="item"
      onClick={[Function]}
      role="option"
    >
      Profile
    </div>
    <div
      className="item"
      onClick={[Function]}
      role="option"
    >
      Dashboard
    </div>
    <div
      className="divider"
    />
    <div
      className="item"
      onClick={[Function]}
      role="option"
    >
      Settings
    </div>
    <div
      className="item"
      onClick={[Function]}
      role="option"
    >
      Logout
    </div>
  </div>
</div>
`;
