// Jest Snapshot v1, https://goo.gl/fbAQLP

exports[`<AuthLayout/> snapshot 1`] = `
<div
  className="main"
>
  <div
    className="container"
  >
    <div
      className="ui fluid card"
      onClick={[Function]}
    >
      <div
        className="content header"
      >
        <div
          className="header"
        >
          <h1 />
        </div>
      </div>
      <div
        className="content"
      >
        <div
          className="content"
        >
          <nav
            className="main"
          >
            <a
              aria-current={null}
              href="/login"
              onClick={[Function]}
            >
              navs.login
            </a>
            <a
              aria-current={null}
              href="/register"
              onClick={[Function]}
            >
              navs.register
            </a>
            <a
              aria-current={null}
              href="/reset-password"
              onClick={[Function]}
            >
              navs.reset-password
            </a>
          </nav>
        </div>
      </div>
    </div>
  </div>
</div>
`;
