// Jest Snapshot v1, https://goo.gl/fbAQLP

exports[`<AppContent/> snapshot 1`] = `
<main
  className="main"
>
  <div
    className="routeContainer"
  >
    <div
      className="main"
    >
      <div
        className="ui container"
      >
        <h1>
          Home
        </h1>
      </div>
    </div>
  </div>
</main>
`;
