// Jest Snapshot v1, https://goo.gl/fbAQLP

exports[`<ResetPassword/> snapshot 1`] = `
<div
  className="main"
>
  <div
    className="container"
  >
    <div
      className="ui fluid card"
      onClick={[Function]}
    >
      <div
        className="content header"
      >
        <div
          className="header"
        >
          <h1>
            Reset Your Password
          </h1>
        </div>
      </div>
      <div
        className="content"
      >
        <div
          className="content"
        >
          <div
            className="main"
          >
            Form
          </div>
          <nav
            className="main"
          >
            nav1 nav2 nav3
          </nav>
        </div>
      </div>
    </div>
  </div>
</div>
`;
