// Jest Snapshot v1, https://goo.gl/fbAQLP

exports[`<LoginForm/> snapshot 1`] = `
<form
  className="ui form main"
  onSubmit={[Function]}
>
  <div
    className="field"
    widths="equal"
  >
    <label>
      <span>
        form.username-label
      </span>
      <div
        className="ui fluid input"
      >
        <input
          autoComplete="username"
          onChange={[Function]}
          type="text"
          value=""
        />
      </div>
    </label>
  </div>
  <div
    className="field"
    widths="equal"
  >
    <label>
      <span>
        form.password-label
      </span>
      <div
        className="ui fluid input"
      >
        <input
          autoComplete="current-password"
          onChange={[Function]}
          type="password"
          value=""
        />
      </div>
    </label>
  </div>
  <div
    className="field actions"
  >
    <div
      className="ui checkbox"
      onChange={[Function]}
      onClick={[Function]}
      onMouseDown={[Function]}
      onMouseUp={[Function]}
    >
      <input
        checked={false}
        className="hidden"
        readOnly={true}
        tabIndex={0}
        type="checkbox"
      />
      <label>
        form.remember-label
      </label>
    </div>
    <button
      className="ui right floated button"
      onClick={[Function]}
      type="submit"
    >
      form.login-action
    </button>
  </div>
</form>
`;
