// Jest Snapshot v1, https://goo.gl/fbAQLP

exports[`<NameDropper/> snapshot 1`] = `
<section
  className="main"
>
  <div
    className="ui container container"
  >
    <div
      className="brandCarousel"
    >
      <div
        className="brandItem"
      >
        <p>
          Smashing
        </p>
      </div>
      <div
        className="brandItem"
      >
        <p>
          Pumpkins
        </p>
      </div>
      <div
        className="brandItem"
      >
        <p>
          Radiohead
        </p>
      </div>
      <div
        className="brandItem"
      >
        <p>
          Chilli
        </p>
      </div>
      <div
        className="brandItem"
      >
        <p>
          Peppers
        </p>
      </div>
    </div>
  </div>
</section>
`;
