// Jest Snapshot v1, https://goo.gl/fbAQLP

exports[`<GlobalMessage/> snapshot 1`] = `
<div
  className="main"
>
  <div
    className="ui container fade down visible transition"
    style={
      Object {
        "animationDuration": undefined,
      }
    }
  >
    <div
      className="ui floating icon info message"
    >
      <i
        aria-hidden="true"
        className="info circle icon"
        onClick={[Function]}
      />
      <div
        className="content"
      >
        <div
          className="content"
        >
          hello
        </div>
        <ul
          className="list"
        />
      </div>
    </div>
  </div>
</div>
`;
