// Jest Snapshot v1, https://goo.gl/fbAQLP

exports[`<GlobalMessage/> snapshot 1`] = `
<div
  className="main"
>
  <div
    className="ui floating info message"
  >
    <div
      className="ui text container"
    >
      <div
        className="header"
      >
        AUTODISMISS
      </div>
      <div
        className="content"
      >
        AUTODISMISS
      </div>
    </div>
  </div>
</div>
`;
