// Jest Snapshot v1, https://goo.gl/fbAQLP

exports[`<AppFooter/> snapshot 1`] = `
<footer
  className="main"
>
  <div
    className="ui container container"
  >
    <div
      className="main"
    >
      <div
        className="container"
      >
        SiteMap
      </div>
    </div>
    <div
      className="main"
    >
      <div
        className="container"
      >
        <i
          aria-hidden="true"
          className="linkedin large icon"
          onClick={[Function]}
        />
        <i
          aria-hidden="true"
          className="instagram large icon"
          onClick={[Function]}
        />
        <i
          aria-hidden="true"
          className="youtube large icon"
          onClick={[Function]}
        />
        <i
          aria-hidden="true"
          className="twitter large icon"
          onClick={[Function]}
        />
        <i
          aria-hidden="true"
          className="facebook official large icon"
          onClick={[Function]}
        />
      </div>
    </div>
    <div
      className="main"
    >
      <div
        className="container"
      >
        Copyright
      </div>
    </div>
  </div>
</footer>
`;
